[2026-07-08 17:55:56] ╔══════════════════════════════════════════════════════╗
[2026-07-08 17:55:56] ║  🚀 OpenAlex Auto-Streaming Importer               ║
[2026-07-08 17:55:56] ║  PC dung lượng thấp — tải từng file, import, xóa   ║
[2026-07-08 17:55:56] ╚══════════════════════════════════════════════════════╝
[2026-07-08 17:55:56] 
[2026-07-08 17:55:57] ✓ Dependencies OK
[2026-07-08 17:55:57] 
🔍 Đang liệt kê file từ OpenAlex S3 (2026 → 2026)...
[2026-07-08 17:55:57]    (có thể mất 1-2 phút vì phải scan nhiều thư mục)

[2026-07-08 17:55:57]    Đang quét 2026-01...
[2026-07-08 17:56:01]    Đang quét 2026-02...
[2026-07-08 17:56:04]    Đang quét 2026-03...
[2026-07-08 17:56:08]    Đang quét 2026-04...
[2026-07-08 17:56:11]    Đang quét 2026-05...
[2026-07-08 17:56:15]    Đang quét 2026-06...
[2026-07-08 17:56:18]    Đang quét 2026-07...
[2026-07-08 17:56:22]    Đang quét 2026-08...
[2026-07-08 17:56:25]    Đang quét 2026-09...
[2026-07-08 17:56:28]    Đang quét 2026-10...
[2026-07-08 17:56:32]    Đang quét 2026-11...
[2026-07-08 17:56:35]    Đang quét 2026-12...
[2026-07-08 17:56:39] 
📊 Tổng: 0 files (~0.0 GB)
[2026-07-08 17:56:39] ❌ Không tìm thấy file nào. Kiểm tra năm hoặc kết nối internet.
[2026-07-08 17:58:55] ╔══════════════════════════════════════════════════════╗
[2026-07-08 17:58:55] ║  🚀 OpenAlex Auto-Streaming Importer               ║
[2026-07-08 17:58:55] ║  PC dung lượng thấp — tải từng file, import, xóa   ║
[2026-07-08 17:58:55] ╚══════════════════════════════════════════════════════╝
[2026-07-08 17:58:55] 
[2026-07-08 17:58:55] ✓ Dependencies OK
[2026-07-08 17:58:55] 
🔍 Đang liệt kê file từ OpenAlex S3 (2026 → 2026)...
[2026-07-08 17:58:55]    (có thể mất 1-2 phút vì phải scan nhiều thư mục)

[2026-07-08 17:58:55]    Đang quét 2026-01...
[2026-07-08 17:58:59]    ✓ 2026-01: 56 files
[2026-07-08 17:58:59]    Đang quét 2026-02...
[2026-07-08 17:59:03]    ✓ 2026-02: 281 files
[2026-07-08 17:59:03]    Đang quét 2026-03...
[2026-07-08 17:59:07]    ✓ 2026-03: 88 files
[2026-07-08 17:59:07]    Đang quét 2026-04...
[2026-07-08 17:59:11]    ✓ 2026-04: 56 files
[2026-07-08 17:59:11]    Đang quét 2026-05...
[2026-07-08 17:59:14]    ✓ 2026-05: 150 files
[2026-07-08 17:59:14]    Đang quét 2026-06...
[2026-07-08 17:59:18]    ✓ 2026-06: 239 files
[2026-07-08 17:59:18]    Đang quét 2026-07...
[2026-07-08 17:59:22]    Đang quét 2026-08...
[2026-07-08 17:59:25]    Đang quét 2026-09...
[2026-07-08 17:59:29]    Đang quét 2026-10...
[2026-07-08 17:59:32]    Đang quét 2026-11...
[2026-07-08 17:59:36]    Đang quét 2026-12...
[2026-07-08 17:59:39] 
📊 Tổng: 870 files (~356.4 GB)
[2026-07-08 17:59:39] 
✅ Scan-only mode — không import gì cả.
[2026-07-08 17:59:39] 
📋 10 file đầu tiên:
[2026-07-08 17:59:39]    part_0000.gz (40.6 MB)
[2026-07-08 17:59:39]    part_0000.gz (32.7 MB)
[2026-07-08 17:59:39]    part_0000.gz (43.7 MB)
[2026-07-08 17:59:39]    part_0000.gz (33.5 MB)
[2026-07-08 17:59:39]    part_0000.gz (55.1 MB)
[2026-07-08 17:59:39]    part_0000.gz (5.5 MB)
[2026-07-08 17:59:39]    part_0000.gz (336.6 MB)
[2026-07-08 17:59:39]    part_0001.gz (98.0 MB)
[2026-07-08 17:59:39]    part_0000.gz (779.3 MB)
[2026-07-08 17:59:39]    part_0001.gz (487.4 MB)
[2026-07-08 17:59:54] ╔══════════════════════════════════════════════════════╗
[2026-07-08 17:59:54] ║  🚀 OpenAlex Auto-Streaming Importer               ║
[2026-07-08 17:59:54] ║  PC dung lượng thấp — tải từng file, import, xóa   ║
[2026-07-08 17:59:54] ╚══════════════════════════════════════════════════════╝
[2026-07-08 17:59:54] 
[2026-07-08 17:59:55] ✓ Dependencies OK
[2026-07-08 17:59:55] 
🔍 Đang liệt kê file từ OpenAlex S3 (2026 → 2026)...
[2026-07-08 17:59:55]    (có thể mất 1-2 phút vì phải scan nhiều thư mục)

[2026-07-08 17:59:55]    Đang quét 2026-01...
[2026-07-08 17:59:58]    ✓ 2026-01: 56 files
[2026-07-08 17:59:58]    Đang quét 2026-02...
[2026-07-08 18:00:02]    ✓ 2026-02: 281 files
[2026-07-08 18:00:02]    Đang quét 2026-03...
[2026-07-08 18:00:06]    ✓ 2026-03: 88 files
[2026-07-08 18:00:06]    Đang quét 2026-04...
[2026-07-08 18:00:10]    ✓ 2026-04: 56 files
[2026-07-08 18:00:10]    Đang quét 2026-05...
[2026-07-08 18:00:13]    ✓ 2026-05: 150 files
[2026-07-08 18:00:13]    Đang quét 2026-06...
[2026-07-08 18:00:17]    ✓ 2026-06: 239 files
[2026-07-08 18:00:17]    Đang quét 2026-07...
[2026-07-08 18:00:21]    Đang quét 2026-08...
[2026-07-08 18:00:24]    Đang quét 2026-09...
[2026-07-08 18:00:28]    Đang quét 2026-10...
[2026-07-08 18:00:31]    Đang quét 2026-11...
[2026-07-08 18:00:35]    Đang quét 2026-12...
[2026-07-08 18:00:38] 
📊 Tổng: 870 files (~356.4 GB)
[2026-07-08 18:00:38] 🔒 Giới hạn: 5 files
[2026-07-08 18:00:38] 
🚀 Bắt đầu import 5 files (~0.2 GB tổng, ~40.6 MB/file)

[2026-07-08 18:00:38] [1/5] (20.0%) part_0000.gz (40.6 MB)
[2026-07-08 18:00:38]    ⬇ Downloading...
[2026-07-08 18:00:56]    ⬇ Downloaded: 40.6 MB (17.4s)
[2026-07-08 18:00:56]    📥 Importing...
[2026-07-08 18:10:56]    ❌ Error: Command '['C:\\Users\\ADMIN\\AppData\\Local\\Programs\\Python\\Python314\\python.exe', 'D:\\FPT\\KI_5\\SWP\\SRC\\Journal-Trend-Tracking-BE\\tools\\openalex-snapshot-importer\\import_snapshot.py', '--input', 'D:\\FPT\\KI_5\\SWP\\SRC\\Journal-Trend-Tracking-BE\\tools\\openalex-snapshot-importer\\temp_snapshot\\part_0000.gz']' timed out after 600 seconds
[2026-07-08 18:10:56] [2/5] (40.0%) part_0000.gz (32.7 MB)
[2026-07-08 18:10:56]    ⬇ Downloading...
[2026-07-08 18:11:11]    ⬇ Downloaded: 32.7 MB (15.2s)
[2026-07-08 18:11:11]    📥 Importing...
[2026-07-08 18:22:49] ╔══════════════════════════════════════════════════════╗
[2026-07-08 18:22:49] ║  🚀 OpenAlex Auto-Streaming Importer               ║
[2026-07-08 18:22:49] ║  PC dung lượng thấp — tải từng file, import, xóa   ║
[2026-07-08 18:22:49] ╚══════════════════════════════════════════════════════╝
[2026-07-08 18:22:49] 
[2026-07-08 18:22:50] ✓ Dependencies OK
[2026-07-08 18:22:50] 
🔍 Đang liệt kê file từ OpenAlex S3 (2026 → 2026)...
[2026-07-08 18:22:50]    (có thể mất 1-2 phút vì phải scan nhiều thư mục)

[2026-07-08 18:22:50]    Đang quét 2026-01...
[2026-07-08 18:22:53]    ✓ 2026-01: 56 files
[2026-07-08 18:22:53]    Đang quét 2026-02...
[2026-07-08 18:22:58]    ✓ 2026-02: 281 files
[2026-07-08 18:22:58]    Đang quét 2026-03...
[2026-07-08 18:23:02]    ✓ 2026-03: 88 files
[2026-07-08 18:23:02]    Đang quét 2026-04...
[2026-07-08 18:23:05]    ✓ 2026-04: 56 files
[2026-07-08 18:23:05]    Đang quét 2026-05...
[2026-07-08 18:23:09]    ✓ 2026-05: 150 files
[2026-07-08 18:23:09]    Đang quét 2026-06...
[2026-07-08 18:23:13]    ✓ 2026-06: 239 files
[2026-07-08 18:23:13]    Đang quét 2026-07...
[2026-07-08 18:23:17]    Đang quét 2026-08...
[2026-07-08 18:23:20]    Đang quét 2026-09...
[2026-07-08 18:23:24]    Đang quét 2026-10...
[2026-07-08 18:23:27]    Đang quét 2026-11...
[2026-07-08 18:23:31]    Đang quét 2026-12...
[2026-07-08 18:23:34] 
📊 Tổng: 870 files (~356.4 GB)
[2026-07-08 18:23:34] 🔒 Giới hạn: 5 files
[2026-07-08 18:23:34] 
🚀 Bắt đầu import 5 files (~0.2 GB tổng, ~40.6 MB/file)

[2026-07-08 18:23:34] [1/5] (20.0%) part_0000.gz (40.6 MB)
[2026-07-08 18:23:34]    ⬇ Downloading...
[2026-07-08 18:23:48]    ⬇ Downloaded: 40.6 MB (13.8s)
[2026-07-08 18:23:48]    📥 Importing...
[2026-07-08 18:30:04]    ✅ OK — 0 papers | Tổng: 0 papers | Đã xong: 1/870 files
[2026-07-08 18:30:04] [2/5] (40.0%) part_0000.gz (32.7 MB)
[2026-07-08 18:30:04]    ⬇ Downloading...
[2026-07-08 18:30:16]    ⬇ Downloaded: 32.7 MB (12.7s)
[2026-07-08 18:30:16]    📥 Importing...
[2026-07-08 18:40:17]    ❌ Error: Command '['C:\\Users\\ADMIN\\AppData\\Local\\Programs\\Python\\Python314\\python.exe', 'D:\\FPT\\KI_5\\SWP\\SRC\\Journal-Trend-Tracking-BE\\tools\\openalex-snapshot-importer\\import_snapshot.py', '--input', 'D:\\FPT\\KI_5\\SWP\\SRC\\Journal-Trend-Tracking-BE\\tools\\openalex-snapshot-importer\\temp_snapshot\\part_0000.gz']' timed out after 600 seconds
[2026-07-08 18:40:17] [3/5] (60.0%) part_0000.gz (43.7 MB)
[2026-07-08 18:40:17]    ⬇ Downloading...
[2026-07-08 18:40:33]    ⬇ Downloaded: 43.7 MB (16.0s)
[2026-07-08 18:40:33]    📥 Importing...
[2026-07-08 18:50:33]    ❌ Error: Command '['C:\\Users\\ADMIN\\AppData\\Local\\Programs\\Python\\Python314\\python.exe', 'D:\\FPT\\KI_5\\SWP\\SRC\\Journal-Trend-Tracking-BE\\tools\\openalex-snapshot-importer\\import_snapshot.py', '--input', 'D:\\FPT\\KI_5\\SWP\\SRC\\Journal-Trend-Tracking-BE\\tools\\openalex-snapshot-importer\\temp_snapshot\\part_0000.gz']' timed out after 600 seconds
[2026-07-08 18:50:33] [4/5] (80.0%) part_0000.gz (33.5 MB)
[2026-07-08 18:50:33]    ⬇ Downloading...
[2026-07-08 18:50:49]    ⬇ Downloaded: 33.5 MB (15.9s)
[2026-07-08 18:50:49]    📥 Importing...
[2026-07-08 18:58:30] ╔══════════════════════════════════════════════════════╗
[2026-07-08 18:58:30] ║  🚀 OpenAlex Auto-Streaming Importer               ║
[2026-07-08 18:58:30] ║  PC dung lượng thấp — tải từng file, import, xóa   ║
[2026-07-08 18:58:30] ╚══════════════════════════════════════════════════════╝
[2026-07-08 18:58:30] 
[2026-07-08 18:58:30] ✓ Dependencies OK
[2026-07-08 18:58:30] 
🔍 Đang liệt kê file từ OpenAlex S3 (2026 → 2026)...
[2026-07-08 18:58:30]    (có thể mất 1-2 phút vì phải scan nhiều thư mục)

[2026-07-08 18:58:30]    Đang quét 2026-01...
[2026-07-08 18:58:34]    ✓ 2026-01: 56 files
[2026-07-08 18:58:34]    Đang quét 2026-02...
[2026-07-08 18:58:38]    ✓ 2026-02: 281 files
[2026-07-08 18:58:38]    Đang quét 2026-03...
[2026-07-08 18:58:42]    ✓ 2026-03: 88 files
[2026-07-08 18:58:42]    Đang quét 2026-04...
[2026-07-08 18:58:45]    ✓ 2026-04: 56 files
[2026-07-08 18:58:45]    Đang quét 2026-05...
[2026-07-08 18:58:49]    ✓ 2026-05: 150 files
[2026-07-08 18:58:49]    Đang quét 2026-06...
[2026-07-08 18:58:53]    ✓ 2026-06: 239 files
[2026-07-08 18:58:53]    Đang quét 2026-07...
[2026-07-08 18:58:56]    Đang quét 2026-08...
[2026-07-08 18:59:00]    Đang quét 2026-09...
[2026-07-08 18:59:03]    Đang quét 2026-10...
[2026-07-08 18:59:06]    Đang quét 2026-11...
[2026-07-08 18:59:10]    Đang quét 2026-12...
[2026-07-08 18:59:13] 
📊 Tổng: 870 files (~356.4 GB)
[2026-07-08 18:59:13] 🔒 Giới hạn: 1 files
[2026-07-08 18:59:13] 
🚀 Bắt đầu import 1 files (~0.0 GB tổng, ~40.6 MB/file)

[2026-07-08 18:59:13] [1/1] (100.0%) part_0000.gz (40.6 MB)
[2026-07-08 18:59:13]    ⬇ Downloading...
[2026-07-08 18:59:33]    ⬇ Downloaded: 40.6 MB (19.4s)
[2026-07-08 18:59:33]    📥 Importing...
[2026-07-08 19:05:02] ╔══════════════════════════════════════════════════════╗
[2026-07-08 19:05:02] ║  🚀 OpenAlex Auto-Streaming Importer               ║
[2026-07-08 19:05:02] ║  PC dung lượng thấp — tải từng file, import, xóa   ║
[2026-07-08 19:05:02] ╚══════════════════════════════════════════════════════╝
[2026-07-08 19:05:02] 
[2026-07-08 19:05:02] ✓ Dependencies OK
[2026-07-08 19:05:02] 
🔍 Đang liệt kê file từ OpenAlex S3 (2026 → 2026)...
[2026-07-08 19:05:02]    (có thể mất 1-2 phút vì phải scan nhiều thư mục)

[2026-07-08 19:05:02]    Đang quét 2026-01...
[2026-07-08 19:05:06]    ✓ 2026-01: 56 files
[2026-07-08 19:05:06]    Đang quét 2026-02...
[2026-07-08 19:05:10]    ✓ 2026-02: 281 files
[2026-07-08 19:05:10]    Đang quét 2026-03...
[2026-07-08 19:05:14]    ✓ 2026-03: 88 files
[2026-07-08 19:05:14]    Đang quét 2026-04...
[2026-07-08 19:05:18]    ✓ 2026-04: 56 files
[2026-07-08 19:05:18]    Đang quét 2026-05...
[2026-07-08 19:05:22]    ✓ 2026-05: 150 files
[2026-07-08 19:05:22]    Đang quét 2026-06...
[2026-07-08 19:05:26]    ✓ 2026-06: 239 files
[2026-07-08 19:05:26]    Đang quét 2026-07...
[2026-07-08 19:05:29]    Đang quét 2026-08...
[2026-07-08 19:05:33]    Đang quét 2026-09...
[2026-07-08 19:05:36]    Đang quét 2026-10...
[2026-07-08 19:05:40]    Đang quét 2026-11...
[2026-07-08 19:05:43]    Đang quét 2026-12...
[2026-07-08 19:05:46] 
📊 Tổng: 870 files (~356.4 GB)
[2026-07-08 19:05:46] 🔒 Giới hạn: 1 files
[2026-07-08 19:05:46] 
🚀 Bắt đầu import 1 files (~0.0 GB tổng, ~40.6 MB/file)

[2026-07-08 19:05:46] [1/1] (100.0%) part_0000.gz (40.6 MB)
[2026-07-08 19:05:46]    ⬇ Downloading...
[2026-07-08 19:05:59]    ⬇ Downloaded: 40.6 MB (12.9s)
[2026-07-08 19:05:59]    📥 Importing...
[2026-07-08 19:08:15]    ✅ OK — 5033 papers | Tổng: 5,033 papers | Đã xong: 1/870 files
[2026-07-08 19:08:15] 
[2026-07-08 19:08:15] ╔══════════════════════════════════════════════════════╗
[2026-07-08 19:08:15] ║  📊 HOÀN THÀNH                                     ║
[2026-07-08 19:08:15] ╠══════════════════════════════════════════════════════╣
[2026-07-08 19:08:15] ║  Files processed:      1 OK / 0     fail       ║
[2026-07-08 19:08:15] ║  Total papers:          5,033                  ║
[2026-07-08 19:08:15] ║  Total time:              2.5 min              ║
[2026-07-08 19:08:15] ║  Avg speed:              33.9 papers/s          ║
[2026-07-08 19:08:15] ╚══════════════════════════════════════════════════════╝
[2026-07-08 19:08:15] 
[2026-07-08 19:08:15] ✅ Done! 5,033 papers đã import vào DB.
[2026-07-08 19:08:15] 📄 Log file: D:\FPT\KI_5\SWP\SRC\Journal-Trend-Tracking-BE\tools\openalex-snapshot-importer\auto_import.log
[2026-07-08 19:08:15] 📋 Checkpoint: D:\FPT\KI_5\SWP\SRC\Journal-Trend-Tracking-BE\tools\openalex-snapshot-importer\.auto_import_checkpoint.json
[2026-07-08 19:08:15] 
[2026-07-08 19:08:15] 🔗 Tiếp theo — rebuild Neo4j graph:
[2026-07-08 19:08:15]    curl -X POST http://localhost:8080/api/v1/admin/sync/reindex-keywords
[2026-07-08 19:15:02] ╔══════════════════════════════════════════════════════╗
[2026-07-08 19:15:02] ║  🚀 OpenAlex Auto-Streaming Importer               ║
[2026-07-08 19:15:02] ║  PC dung lượng thấp — tải từng file, import, xóa   ║
[2026-07-08 19:15:02] ╚══════════════════════════════════════════════════════╝
[2026-07-08 19:15:02] 
[2026-07-08 19:15:02] ✓ Dependencies OK
[2026-07-08 19:15:02] 
🔍 Đang liệt kê file từ OpenAlex S3 (2026 → 2026)...
[2026-07-08 19:15:02]    (có thể mất 1-2 phút vì phải scan nhiều thư mục)

[2026-07-08 19:15:02]    Đang quét 2026-01...
[2026-07-08 19:15:06]    ✓ 2026-01: 56 files
[2026-07-08 19:15:06]    Đang quét 2026-02...
[2026-07-08 19:15:10]    ✓ 2026-02: 281 files
[2026-07-08 19:15:10]    Đang quét 2026-03...
[2026-07-08 19:15:14]    ✓ 2026-03: 88 files
[2026-07-08 19:15:14]    Đang quét 2026-04...
[2026-07-08 19:15:17]    ✓ 2026-04: 56 files
[2026-07-08 19:15:17]    Đang quét 2026-05...
[2026-07-08 19:15:21]    ✓ 2026-05: 150 files
[2026-07-08 19:15:21]    Đang quét 2026-06...
[2026-07-08 19:15:25]    ✓ 2026-06: 239 files
[2026-07-08 19:15:25]    Đang quét 2026-07...
[2026-07-08 19:15:28]    Đang quét 2026-08...
[2026-07-08 19:15:32]    Đang quét 2026-09...
[2026-07-08 19:15:36]    Đang quét 2026-10...
[2026-07-08 19:15:40]    Đang quét 2026-11...
[2026-07-08 19:15:44]    Đang quét 2026-12...
[2026-07-08 19:15:48] 
📊 Tổng: 870 files (~356.4 GB)
[2026-07-08 19:15:48] 📋 Checkpoint: 1 files đã hoàn thành từ lần trước
[2026-07-08 19:15:48] ⏭ Bỏ qua 171 files đã import (checkpoint)
[2026-07-08 19:15:48] 🔒 Giới hạn: 60 files
[2026-07-08 19:15:48] 
🚀 Bắt đầu import 60 files (~30.9 GB tổng, ~98.0 MB/file)

[2026-07-08 19:15:48] [1/60] (1.7%) part_0001.gz (98.0 MB)
[2026-07-08 19:15:48]    ⬇ Downloading...
[2026-07-08 19:16:08]    ⬇ Downloaded: 98.0 MB (20.0s)
[2026-07-08 19:16:08]    📥 Importing...
[2026-07-08 19:16:58] ╔══════════════════════════════════════════════════════╗
[2026-07-08 19:16:58] ║  🚀 OpenAlex Auto-Streaming Importer               ║
[2026-07-08 19:16:58] ║  PC dung lượng thấp — tải từng file, import, xóa   ║
[2026-07-08 19:16:58] ╚══════════════════════════════════════════════════════╝
[2026-07-08 19:16:58] 
[2026-07-08 19:16:59] ✓ Dependencies OK
[2026-07-08 19:16:59] 
🔍 Đang liệt kê file từ OpenAlex S3 (2026 → 2026)...
[2026-07-08 19:16:59]    (có thể mất 1-2 phút vì phải scan nhiều thư mục)

[2026-07-08 19:16:59]    Đang quét 2026-01...
[2026-07-08 19:17:02]    ✓ 2026-01: 56 files
[2026-07-08 19:17:02]    Đang quét 2026-02...
[2026-07-08 19:17:06]    ✓ 2026-02: 281 files
[2026-07-08 19:17:06]    Đang quét 2026-03...
[2026-07-08 19:17:10]    ✓ 2026-03: 88 files
[2026-07-08 19:17:10]    Đang quét 2026-04...
[2026-07-08 19:17:13]    ✓ 2026-04: 56 files
[2026-07-08 19:17:13]    Đang quét 2026-05...
[2026-07-08 19:17:17]    ✓ 2026-05: 150 files
[2026-07-08 19:17:17]    Đang quét 2026-06...
[2026-07-08 19:17:21]    ✓ 2026-06: 239 files
[2026-07-08 19:17:21]    Đang quét 2026-07...
[2026-07-08 19:17:25]    Đang quét 2026-08...
[2026-07-08 19:17:28]    Đang quét 2026-09...
[2026-07-08 19:17:31]    Đang quét 2026-10...
[2026-07-08 19:17:35]    Đang quét 2026-11...
[2026-07-08 19:17:38]    Đang quét 2026-12...
[2026-07-08 19:17:42] 
📊 Tổng: 870 files (~356.4 GB)
[2026-07-08 19:17:42] 📋 Checkpoint: 1 files đã hoàn thành từ lần trước
[2026-07-08 19:17:42] ⏭ Bỏ qua 171 files đã import (checkpoint)
[2026-07-08 19:17:42] 🔒 Giới hạn: 20 files
[2026-07-08 19:17:42] 
🚀 Bắt đầu import 20 files (~15.3 GB tổng, ~98.0 MB/file)

[2026-07-08 19:17:42] [1/20] (5.0%) part_0001.gz (98.0 MB)
[2026-07-08 19:17:42]    ⬇ Downloading...
[2026-07-08 19:18:04]    ⬇ Downloaded: 98.0 MB (22.4s)
[2026-07-08 19:18:04]    📥 Importing...
[2026-07-08 19:18:32]    ✅ OK — 5012 papers | Tổng: 5,012 papers | Đã xong: 2/870 files
[2026-07-08 19:18:32] [2/20] (10.0%) part_0001.gz (487.4 MB)
[2026-07-08 19:18:32]    ⬇ Downloading...
[2026-07-08 19:19:12]    ⬇ Downloaded: 487.4 MB (39.7s)
[2026-07-08 19:19:12]    📥 Importing...
[2026-07-08 19:23:16]    ✅ OK — 5154 papers | Tổng: 10,166 papers | Đã xong: 2/870 files
[2026-07-08 19:23:16] [3/20] (15.0%) part_0001.gz (95.4 MB)
[2026-07-08 19:23:16]    ⬇ Downloading...
[2026-07-08 19:23:32]    ⬇ Downloaded: 95.4 MB (15.7s)
[2026-07-08 19:23:32]    📥 Importing...
[2026-07-08 19:23:50]    ✅ OK — 5000 papers | Tổng: 15,166 papers | Đã xong: 2/870 files
[2026-07-08 19:23:50] [4/20] (20.0%) part_0001.gz (99.9 MB)
[2026-07-08 19:23:50]    ⬇ Downloading...
[2026-07-08 19:24:07]    ⬇ Downloaded: 99.9 MB (17.0s)
[2026-07-08 19:24:07]    📥 Importing...
[2026-07-08 19:24:48]    ✅ OK — 5496 papers | Tổng: 20,662 papers | Đã xong: 2/870 files
[2026-07-08 19:24:48] [5/20] (25.0%) part_0002.gz (101.9 MB)
[2026-07-08 19:24:48]    ⬇ Downloading...
[2026-07-08 19:25:09]    ⬇ Downloaded: 101.9 MB (21.0s)
[2026-07-08 19:25:09]    📥 Importing...
[2026-07-08 19:25:51]    ✅ OK — 5499 papers | Tổng: 26,161 papers | Đã xong: 3/870 files
[2026-07-08 19:25:51] [6/20] (30.0%) part_0001.gz (983.9 MB)
[2026-07-08 19:25:51]    ⬇ Downloading...
[2026-07-08 19:26:52]    ⬇ Downloaded: 983.9 MB (60.6s)
[2026-07-08 19:26:52]    📥 Importing...
[2026-07-08 19:30:55]    ✅ OK — 5116 papers | Tổng: 31,277 papers | Đã xong: 3/870 files
[2026-07-08 19:30:55] [7/20] (35.0%) part_0002.gz (984.2 MB)
[2026-07-08 19:30:55]    ⬇ Downloading...
[2026-07-08 19:32:00]    ⬇ Downloaded: 984.2 MB (64.6s)
[2026-07-08 19:32:00]    📥 Importing...
[2026-07-08 19:36:51]    ✅ OK — 5007 papers | Tổng: 36,284 papers | Đã xong: 3/870 files
[2026-07-08 19:36:51] [8/20] (40.0%) part_0003.gz (981.6 MB)
[2026-07-08 19:36:51]    ⬇ Downloading...
[2026-07-08 19:37:54]    ⬇ Downloaded: 981.6 MB (62.5s)
[2026-07-08 19:37:54]    📥 Importing...
